
CondaError: Run 'conda init' before 'conda deactivate'

Traceback (most recent call last):
  File "/direct/sdcc+u/oleksiyt/ChemLearning/CL_EL_scan.py", line 6, in <module>
Traceback (most recent call last):
  File "/direct/sdcc+u/oleksiyt/ChemLearning/CL_EL_scan.py", line 6, in <module>
    index_run = int(sys.argv[1])
                    ^^^
NameError: name 'sys' is not defined. Did you forget to import 'sys'?
    index_run = int(sys.argv[1])
                    ^^^
NameError: name 'sys' is not defined. Did you forget to import 'sys'?
srun: error: icehost030: task 0: Exited with exit code 1
srun: error: icehost030: task 0: Exited with exit code 1
Traceback (most recent call last):
  File "/direct/sdcc+u/oleksiyt/ChemLearning/CL_EL_scan.py", line 6, in <module>
    index_run = int(sys.argv[1])
                    ^^^
NameError: name 'sys' is not defined. Did you forget to import 'sys'?
srun: error: icehost030: task 0: Exited with exit code 1
Traceback (most recent call last):
  File "/direct/sdcc+u/oleksiyt/ChemLearning/CL_EL_scan.py", line 6, in <module>
    index_run = int(sys.argv[1])
                    ^^^
NameError: name 'sys' is not defined. Did you forget to import 'sys'?
Traceback (most recent call last):
  File "/direct/sdcc+u/oleksiyt/ChemLearning/CL_EL_scan.py", line 6, in <module>
    index_run = int(sys.argv[1])
                    ^^^
NameError: name 'sys' is not defined. Did you forget to import 'sys'?
Traceback (most recent call last):
  File "/direct/sdcc+u/oleksiyt/ChemLearning/CL_EL_scan.py", line 6, in <module>
    index_run = int(sys.argv[1])
                    ^^^
NameError: name 'sys' is not defined. Did you forget to import 'sys'?
srun: error: icehost030: task 0: Exited with exit code 1
srun: error: icehost030: task 0: Exited with exit code 1
Traceback (most recent call last):
  File "/direct/sdcc+u/oleksiyt/ChemLearning/CL_EL_scan.py", line 6, in <module>
    index_run = int(sys.argv[1])
                    ^^^
NameError: name 'sys' is not defined. Did you forget to import 'sys'?
Traceback (most recent call last):
  File "/direct/sdcc+u/oleksiyt/ChemLearning/CL_EL_scan.py", line 6, in <module>
    index_run = int(sys.argv[1])
                    ^^^
NameError: name 'sys' is not defined. Did you forget to import 'sys'?
Traceback (most recent call last):
  File "/direct/sdcc+u/oleksiyt/ChemLearning/CL_EL_scan.py", line 6, in <module>
Traceback (most recent call last):
  File "/direct/sdcc+u/oleksiyt/ChemLearning/CL_EL_scan.py", line 6, in <module>
    index_run = int(sys.argv[1])
                    ^^^
NameError: name 'sys' is not defined. Did you forget to import 'sys'?
    index_run = int(sys.argv[1])
                    ^^^
NameError: name 'sys' is not defined. Did you forget to import 'sys'?
Traceback (most recent call last):
  File "/direct/sdcc+u/oleksiyt/ChemLearning/CL_EL_scan.py", line 6, in <module>
    index_run = int(sys.argv[1])
                    ^^^
NameError: name 'sys' is not defined. Did you forget to import 'sys'?
Traceback (most recent call last):
  File "/direct/sdcc+u/oleksiyt/ChemLearning/CL_EL_scan.py", line 6, in <module>
    index_run = int(sys.argv[1])
                    ^^^
NameError: name 'sys' is not defined. Did you forget to import 'sys'?
Traceback (most recent call last):
  File "/direct/sdcc+u/oleksiyt/ChemLearning/CL_EL_scan.py", line 6, in <module>
    index_run = int(sys.argv[1])
                    ^^^
NameError: name 'sys' is not defined. Did you forget to import 'sys'?
Traceback (most recent call last):
  File "/direct/sdcc+u/oleksiyt/ChemLearning/CL_EL_scan.py", line 6, in <module>
    index_run = int(sys.argv[1])
                    ^^^
NameError: name 'sys' is not defined. Did you forget to import 'sys'?
srun: error: icehost030: task 0: Exited with exit code 1
Traceback (most recent call last):
  File "/direct/sdcc+u/oleksiyt/ChemLearning/CL_EL_scan.py", line 6, in <module>
    index_run = int(sys.argv[1])
                    ^^^
NameError: name 'sys' is not defined. Did you forget to import 'sys'?
Traceback (most recent call last):
  File "/direct/sdcc+u/oleksiyt/ChemLearning/CL_EL_scan.py", line 6, in <module>
Traceback (most recent call last):
  File "/direct/sdcc+u/oleksiyt/ChemLearning/CL_EL_scan.py", line 6, in <module>
    index_run = int(sys.argv[1])
                    ^^^
NameError: name 'sys' is not defined. Did you forget to import 'sys'?
    index_run = int(sys.argv[1])
                    ^^^
NameError: name 'sys' is not defined. Did you forget to import 'sys'?
Traceback (most recent call last):
  File "/direct/sdcc+u/oleksiyt/ChemLearning/CL_EL_scan.py", line 6, in <module>
    index_run = int(sys.argv[1])
                    ^^^
NameError: name 'sys' is not defined. Did you forget to import 'sys'?
Traceback (most recent call last):
  File "/direct/sdcc+u/oleksiyt/ChemLearning/CL_EL_scan.py", line 6, in <module>
    index_run = int(sys.argv[1])
                    ^^^
NameError: name 'sys' is not defined. Did you forget to import 'sys'?
Traceback (most recent call last):
  File "/direct/sdcc+u/oleksiyt/ChemLearning/CL_EL_scan.py", line 6, in <module>
Traceback (most recent call last):
  File "/direct/sdcc+u/oleksiyt/ChemLearning/CL_EL_scan.py", line 6, in <module>
    index_run = int(sys.argv[1])
                    ^^^
NameError: name 'sys' is not defined. Did you forget to import 'sys'?
    index_run = int(sys.argv[1])
                    ^^^
NameError: name 'sys' is not defined. Did you forget to import 'sys'?
srun: error: icehost030: task 0: Exited with exit code 1
srun: error: icehost030: task 0: Exited with exit code 1
srun: error: icehost030: task 0: Exited with exit code 1
srun: error: icehost030: task 0: Exited with exit code 1
srun: error: icehost030: task 0: Exited with exit code 1
Traceback (most recent call last):
  File "/direct/sdcc+u/oleksiyt/ChemLearning/CL_EL_scan.py", line 6, in <module>
    index_run = int(sys.argv[1])
Traceback (most recent call last):
                    ^^^
  File "/direct/sdcc+u/oleksiyt/ChemLearning/CL_EL_scan.py", line 6, in <module>
srun: error: icehost030: task 0: Exited with exit code 1
NameError: name 'sys' is not defined. Did you forget to import 'sys'?
    index_run = int(sys.argv[1])
                    ^^^
NameError: name 'sys' is not defined. Did you forget to import 'sys'?
srun: error: icehost030: task 0: Exited with exit code 1
srun: error: icehost030: task 0: Exited with exit code 1
srun: error: icehost030: task 0: Exited with exit code 1
Traceback (most recent call last):
  File "/direct/sdcc+u/oleksiyt/ChemLearning/CL_EL_scan.py", line 6, in <module>
    index_run = int(sys.argv[1])
                    ^^^
NameError: name 'sys' is not defined. Did you forget to import 'sys'?
srun: error: icehost030: task 0: Exited with exit code 1
srun: error: icehost030: task 0: Exited with exit code 1
Traceback (most recent call last):
  File "/direct/sdcc+u/oleksiyt/ChemLearning/CL_EL_scan.py", line 6, in <module>
srun: error: icehost030: task 0: Exited with exit code 1
    index_run = int(sys.argv[1])
                    ^^^
NameError: name 'sys' is not defined. Did you forget to import 'sys'?
Traceback (most recent call last):
  File "/direct/sdcc+u/oleksiyt/ChemLearning/CL_EL_scan.py", line 6, in <module>
Traceback (most recent call last):
  File "/direct/sdcc+u/oleksiyt/ChemLearning/CL_EL_scan.py", line 6, in <module>
    index_run = int(sys.argv[1])
    index_run = int(sys.argv[1])
                    ^^^
                    ^^^
NameError: name 'sys' is not defined. Did you forget to import 'sys'?
NameError: name 'sys' is not defined. Did you forget to import 'sys'?
Traceback (most recent call last):
  File "/direct/sdcc+u/oleksiyt/ChemLearning/CL_EL_scan.py", line 6, in <module>
Traceback (most recent call last):
  File "/direct/sdcc+u/oleksiyt/ChemLearning/CL_EL_scan.py", line 6, in <module>
    index_run = int(sys.argv[1])
                    ^^^
NameError: name 'sys' is not defined. Did you forget to import 'sys'?
    index_run = int(sys.argv[1])
                    ^^^
NameError: name 'sys' is not defined. Did you forget to import 'sys'?
Traceback (most recent call last):
  File "/direct/sdcc+u/oleksiyt/ChemLearning/CL_EL_scan.py", line 6, in <module>
    index_run = int(sys.argv[1])
                    ^^^
NameError: name 'sys' is not defined. Did you forget to import 'sys'?
Traceback (most recent call last):
  File "/direct/sdcc+u/oleksiyt/ChemLearning/CL_EL_scan.py", line 6, in <module>
    index_run = int(sys.argv[1])
                    ^^^
NameError: name 'sys' is not defined. Did you forget to import 'sys'?
Traceback (most recent call last):
  File "/direct/sdcc+u/oleksiyt/ChemLearning/CL_EL_scan.py", line 6, in <module>
    index_run = int(sys.argv[1])
                    ^^^
NameError: name 'sys' is not defined. Did you forget to import 'sys'?
srun: error: icehost030: task 0: Exited with exit code 1
Traceback (most recent call last):
  File "/direct/sdcc+u/oleksiyt/ChemLearning/CL_EL_scan.py", line 6, in <module>
    index_run = int(sys.argv[1])
                    ^^^
NameError: name 'sys' is not defined. Did you forget to import 'sys'?
Traceback (most recent call last):
  File "/direct/sdcc+u/oleksiyt/ChemLearning/CL_EL_scan.py", line 6, in <module>
Traceback (most recent call last):
  File "/direct/sdcc+u/oleksiyt/ChemLearning/CL_EL_scan.py", line 6, in <module>
    index_run = int(sys.argv[1])
    index_run = int(sys.argv[1])
                    ^^^
                    ^^^
NameError: name 'sys' is not defined. Did you forget to import 'sys'?
NameError: name 'sys' is not defined. Did you forget to import 'sys'?
Traceback (most recent call last):
  File "/direct/sdcc+u/oleksiyt/ChemLearning/CL_EL_scan.py", line 6, in <module>
Traceback (most recent call last):
  File "/direct/sdcc+u/oleksiyt/ChemLearning/CL_EL_scan.py", line 6, in <module>
    index_run = int(sys.argv[1])
    index_run = int(sys.argv[1])
                    ^^^
                    ^^^
NameError: name 'sys' is not defined. Did you forget to import 'sys'?
NameError: name 'sys' is not defined. Did you forget to import 'sys'?
Traceback (most recent call last):
  File "/direct/sdcc+u/oleksiyt/ChemLearning/CL_EL_scan.py", line 6, in <module>
Traceback (most recent call last):
  File "/direct/sdcc+u/oleksiyt/ChemLearning/CL_EL_scan.py", line 6, in <module>
    index_run = int(sys.argv[1])
    index_run = int(sys.argv[1])
                    ^^^
                    ^^^
NameError: name 'sys' is not defined. Did you forget to import 'sys'?
NameError: name 'sys' is not defined. Did you forget to import 'sys'?
Traceback (most recent call last):
  File "/direct/sdcc+u/oleksiyt/ChemLearning/CL_EL_scan.py", line 6, in <module>
    index_run = int(sys.argv[1])
                    ^^^
NameError: name 'sys' is not defined. Did you forget to import 'sys'?
srun: error: icehost030: task 0: Exited with exit code 1
Traceback (most recent call last):
  File "/direct/sdcc+u/oleksiyt/ChemLearning/CL_EL_scan.py", line 6, in <module>
    index_run = int(sys.argv[1])
                    ^^^
NameError: name 'sys' is not defined. Did you forget to import 'sys'?
Traceback (most recent call last):
  File "/direct/sdcc+u/oleksiyt/ChemLearning/CL_EL_scan.py", line 6, in <module>
    index_run = int(sys.argv[1])
                    ^^^
NameError: name 'sys' is not defined. Did you forget to import 'sys'?
srun: error: icehost030: task 0: Exited with exit code 1
Traceback (most recent call last):
  File "/direct/sdcc+u/oleksiyt/ChemLearning/CL_EL_scan.py", line 6, in <module>
    index_run = int(sys.argv[1])
                    ^^^
NameError: name 'sys' is not defined. Did you forget to import 'sys'?
srun: error: icehost030: task 0: Exited with exit code 1
srun: error: icehost030: task 0: Exited with exit code 1
Traceback (most recent call last):
  File "/direct/sdcc+u/oleksiyt/ChemLearning/CL_EL_scan.py", line 6, in <module>
Traceback (most recent call last):
Traceback (most recent call last):
  File "/direct/sdcc+u/oleksiyt/ChemLearning/CL_EL_scan.py", line 6, in <module>
  File "/direct/sdcc+u/oleksiyt/ChemLearning/CL_EL_scan.py", line 6, in <module>
Traceback (most recent call last):
  File "/direct/sdcc+u/oleksiyt/ChemLearning/CL_EL_scan.py", line 6, in <module>
    index_run = int(sys.argv[1])
    index_run = int(sys.argv[1])
                    ^^^
    index_run = int(sys.argv[1])
    index_run = int(sys.argv[1])
                    ^^^
NameError: name 'sys' is not defined. Did you forget to import 'sys'?
                    ^^^
                    ^^^
NameError: name 'sys' is not defined. Did you forget to import 'sys'?
Traceback (most recent call last):
  File "/direct/sdcc+u/oleksiyt/ChemLearning/CL_EL_scan.py", line 6, in <module>
NameError: name 'sys' is not defined. Did you forget to import 'sys'?
NameError: name 'sys' is not defined. Did you forget to import 'sys'?
    index_run = int(sys.argv[1])
                    ^^^
NameError: name 'sys' is not defined. Did you forget to import 'sys'?
srun: error: icehost030: task 0: Exited with exit code 1
srun: error: icehost030: task 0: Exited with exit code 1
srun: error: icehost030: task 0: Exited with exit code 1
srun: error: icehost030: task 0: Exited with exit code 1
srun: error: icehost030: task 0: Exited with exit code 1
srun: error: icehost030: task 0: Exited with exit code 1
srun: error: icehost030: task 0: Exited with exit code 1
srun: error: icehost030: task 0: Exited with exit code 1
srun: error: icehost030: task 0: Exited with exit code 1
srun: error: icehost030: task 0: Exited with exit code 1
srun: error: icehost030: task 0: Exited with exit code 1
srun: error: icehost030: task 0: Exited with exit code 1
srun: error: icehost030: task 0: Exited with exit code 1
srun: error: icehost030: task 0: Exited with exit code 1
srun: error: icehost030: task 0: Exited with exit code 1
srun: error: icehost030: task 0: Exited with exit code 1
srun: error: icehost030: task 0: Exited with exit code 1
srun: error: icehost030: task 0: Exited with exit code 1
srun: error: icehost030: task 0: Exited with exit code 1
srun: error: icehost030: task 0: Exited with exit code 1
srun: error: icehost030: task 0: Exited with exit code 1
srun: error: icehost030: task 0: Exited with exit code 1
srun: error: icehost030: task 0: Exited with exit code 1
srun: error: icehost030: task 0: Exited with exit code 1
srun: error: icehost030: task 0: Exited with exit code 1
