
CondaError: Run 'conda init' before 'conda deactivate'

srun: Job step aborted: Waiting up to 32 seconds for job step to finish.
srun: Job step aborted: Waiting up to 32 seconds for job step to finish.
srun: Job step aborted: Waiting up to 32 seconds for job step to finish.
srun: Job step aborted: Waiting up to 32 seconds for job step to finish.
srun: Job step aborted: Waiting up to 32 seconds for job step to finish.
srun: Job step aborted: Waiting up to 32 seconds for job step to finish.
srun: Job step aborted: Waiting up to 32 seconds for job step to finish.
srun: Job step aborted: Waiting up to 32 seconds for job step to finish.
srun: Job step aborted: Waiting up to 32 seconds for job step to finish.
srun: Job step aborted: Waiting up to 32 seconds for job step to finish.
srun: Job step aborted: Waiting up to 32 seconds for job step to finish.
srun: Job step aborted: Waiting up to 32 seconds for job step to finish.
srun: Job step aborted: Waiting up to 32 seconds for job step to finish.
srun: Job step aborted: Waiting up to 32 seconds for job step to finish.
srun: Job step aborted: Waiting up to 32 seconds for job step to finish.
srun: Job step aborted: Waiting up to 32 seconds for job step to finish.
srun: Job step aborted: Waiting up to 32 seconds for job step to finish.
srun: Job step aborted: Waiting up to 32 seconds for job step to finish.
srun: Job step aborted: Waiting up to 32 seconds for job step to finish.
srun: Job step aborted: Waiting up to 32 seconds for job step to finish.
srun: Job step aborted: Waiting up to 32 seconds for job step to finish.
srun: Job step aborted: Waiting up to 32 seconds for job step to finish.
srun: Job step aborted: Waiting up to 32 seconds for job step to finish.
srun: Job step aborted: Waiting up to 32 seconds for job step to finish.
srun: Job step aborted: Waiting up to 32 seconds for job step to finish.
srun: Job step aborted: Waiting up to 32 seconds for job step to finish.
srun: Job step aborted: Waiting up to 32 seconds for job step to finish.
srun: Job step aborted: Waiting up to 32 seconds for job step to finish.
srun: Job step aborted: Waiting up to 32 seconds for job step to finish.
srun: Job step aborted: Waiting up to 32 seconds for job step to finish.
srun: Job step aborted: Waiting up to 32 seconds for job step to finish.
srun: Job step aborted: Waiting up to 32 seconds for job step to finish.
srun: Job step aborted: Waiting up to 32 seconds for job step to finish.
srun: Job step aborted: Waiting up to 32 seconds for job step to finish.
srun: Job step aborted: Waiting up to 32 seconds for job step to finish.
srun: Job step aborted: Waiting up to 32 seconds for job step to finish.
srun: Job step aborted: Waiting up to 32 seconds for job step to finish.
srun: Job step aborted: Waiting up to 32 seconds for job step to finish.
srun: Job step aborted: Waiting up to 32 seconds for job step to finish.
srun: Job step aborted: Waiting up to 32 seconds for job step to finish.
srun: Job step aborted: Waiting up to 32 seconds for job step to finish.
srun: Job step aborted: Waiting up to 32 seconds for job step to finish.
srun: Job step aborted: Waiting up to 32 seconds for job step to finish.
srun: Job step aborted: Waiting up to 32 seconds for job step to finish.
srun: Job step aborted: Waiting up to 32 seconds for job step to finish.
srun: Job step aborted: Waiting up to 32 seconds for job step to finish.
srun: Job step aborted: Waiting up to 32 seconds for job step to finish.
srun: Job step aborted: Waiting up to 32 seconds for job step to finish.
slurmstepd: error: *** STEP 222334.16 ON icehost030 CANCELLED AT 2025-04-03T18:29:04 DUE TO TIME LIMIT ***
slurmstepd: error: *** STEP 222334.10 ON icehost030 CANCELLED AT 2025-04-03T18:29:04 DUE TO TIME LIMIT ***
slurmstepd: error: *** STEP 222334.37 ON icehost030 CANCELLED AT 2025-04-03T18:29:04 DUE TO TIME LIMIT ***
slurmstepd: error: *** STEP 222334.20 ON icehost030 CANCELLED AT 2025-04-03T18:29:04 DUE TO TIME LIMIT ***
slurmstepd: error: *** STEP 222334.40 ON icehost030 CANCELLED AT 2025-04-03T18:29:04 DUE TO TIME LIMIT ***
slurmstepd: error: *** STEP 222334.8 ON icehost030 CANCELLED AT 2025-04-03T18:29:04 DUE TO TIME LIMIT ***
slurmstepd: error: *** STEP 222334.46 ON icehost030 CANCELLED AT 2025-04-03T18:29:04 DUE TO TIME LIMIT ***
slurmstepd: error: *** STEP 222334.6 ON icehost030 CANCELLED AT 2025-04-03T18:29:04 DUE TO TIME LIMIT ***
slurmstepd: error: *** STEP 222334.47 ON icehost030 CANCELLED AT 2025-04-03T18:29:04 DUE TO TIME LIMIT ***
slurmstepd: error: *** STEP 222334.17 ON icehost030 CANCELLED AT 2025-04-03T18:29:04 DUE TO TIME LIMIT ***
slurmstepd: error: *** STEP 222334.41 ON icehost030 CANCELLED AT 2025-04-03T18:29:04 DUE TO TIME LIMIT ***
slurmstepd: error: *** STEP 222334.7 ON icehost030 CANCELLED AT 2025-04-03T18:29:04 DUE TO TIME LIMIT ***
slurmstepd: error: *** STEP 222334.38 ON icehost030 CANCELLED AT 2025-04-03T18:29:04 DUE TO TIME LIMIT ***
slurmstepd: error: *** STEP 222334.13 ON icehost030 CANCELLED AT 2025-04-03T18:29:04 DUE TO TIME LIMIT ***
slurmstepd: error: *** STEP 222334.12 ON icehost030 CANCELLED AT 2025-04-03T18:29:04 DUE TO TIME LIMIT ***
slurmstepd: error: *** STEP 222334.43 ON icehost030 CANCELLED AT 2025-04-03T18:29:04 DUE TO TIME LIMIT ***
slurmstepd: error: *** STEP 222334.18 ON icehost030 CANCELLED AT 2025-04-03T18:29:04 DUE TO TIME LIMIT ***
slurmstepd: error: *** STEP 222334.25 ON icehost030 CANCELLED AT 2025-04-03T18:29:04 DUE TO TIME LIMIT ***
slurmstepd: error: *** STEP 222334.45 ON icehost030 CANCELLED AT 2025-04-03T18:29:04 DUE TO TIME LIMIT ***
slurmstepd: error: *** STEP 222334.14 ON icehost030 CANCELLED AT 2025-04-03T18:29:04 DUE TO TIME LIMIT ***
slurmstepd: error: *** STEP 222334.44 ON icehost030 CANCELLED AT 2025-04-03T18:29:04 DUE TO TIME LIMIT ***
slurmstepd: error: *** STEP 222334.2 ON icehost030 CANCELLED AT 2025-04-03T18:29:04 DUE TO TIME LIMIT ***
slurmstepd: error: *** STEP 222334.33 ON icehost030 CANCELLED AT 2025-04-03T18:29:04 DUE TO TIME LIMIT ***
slurmstepd: error: *** STEP 222334.11 ON icehost030 CANCELLED AT 2025-04-03T18:29:04 DUE TO TIME LIMIT ***
slurmstepd: error: *** STEP 222334.34 ON icehost030 CANCELLED AT 2025-04-03T18:29:04 DUE TO TIME LIMIT ***
slurmstepd: error: *** STEP 222334.19 ON icehost030 CANCELLED AT 2025-04-03T18:29:04 DUE TO TIME LIMIT ***
slurmstepd: error: *** STEP 222334.42 ON icehost030 CANCELLED AT 2025-04-03T18:29:04 DUE TO TIME LIMIT ***
slurmstepd: error: *** STEP 222334.5 ON icehost030 CANCELLED AT 2025-04-03T18:29:04 DUE TO TIME LIMIT ***
slurmstepd: error: *** STEP 222334.22 ON icehost030 CANCELLED AT 2025-04-03T18:29:04 DUE TO TIME LIMIT ***
slurmstepd: error: *** STEP 222334.31 ON icehost030 CANCELLED AT 2025-04-03T18:29:04 DUE TO TIME LIMIT ***
slurmstepd: error: *** STEP 222334.9 ON icehost030 CANCELLED AT 2025-04-03T18:29:04 DUE TO TIME LIMIT ***
slurmstepd: error: *** STEP 222334.32 ON icehost030 CANCELLED AT 2025-04-03T18:29:04 DUE TO TIME LIMIT ***
slurmstepd: error: *** STEP 222334.15 ON icehost030 CANCELLED AT 2025-04-03T18:29:04 DUE TO TIME LIMIT ***
slurmstepd: error: *** STEP 222334.21 ON icehost030 CANCELLED AT 2025-04-03T18:29:04 DUE TO TIME LIMIT ***
slurmstepd: error: *** STEP 222334.26 ON icehost030 CANCELLED AT 2025-04-03T18:29:04 DUE TO TIME LIMIT ***
slurmstepd: error: *** STEP 222334.30 ON icehost030 CANCELLED AT 2025-04-03T18:29:04 DUE TO TIME LIMIT ***
slurmstepd: error: *** STEP 222334.23 ON icehost030 CANCELLED AT 2025-04-03T18:29:04 DUE TO TIME LIMIT ***
slurmstepd: error: *** STEP 222334.28 ON icehost030 CANCELLED AT 2025-04-03T18:29:04 DUE TO TIME LIMIT ***
slurmstepd: error: *** STEP 222334.35 ON icehost030 CANCELLED AT 2025-04-03T18:29:04 DUE TO TIME LIMIT ***
slurmstepd: error: *** STEP 222334.24 ON icehost030 CANCELLED AT 2025-04-03T18:29:04 DUE TO TIME LIMIT ***
slurmstepd: error: *** STEP 222334.36 ON icehost030 CANCELLED AT 2025-04-03T18:29:04 DUE TO TIME LIMIT ***
slurmstepd: error: *** STEP 222334.27 ON icehost030 CANCELLED AT 2025-04-03T18:29:04 DUE TO TIME LIMIT ***
slurmstepd: error: *** STEP 222334.29 ON icehost030 CANCELLED AT 2025-04-03T18:29:04 DUE TO TIME LIMIT ***
slurmstepd: error: *** JOB 222334 ON icehost030 CANCELLED AT 2025-04-03T18:29:04 DUE TO TIME LIMIT ***
slurmstepd: error: *** STEP 222334.39 ON icehost030 CANCELLED AT 2025-04-03T18:29:04 DUE TO TIME LIMIT ***
slurmstepd: error: *** STEP 222334.1 ON icehost030 CANCELLED AT 2025-04-03T18:29:04 DUE TO TIME LIMIT ***
slurmstepd: error: *** STEP 222334.3 ON icehost030 CANCELLED AT 2025-04-03T18:29:04 DUE TO TIME LIMIT ***
slurmstepd: error: *** STEP 222334.4 ON icehost030 CANCELLED AT 2025-04-03T18:29:04 DUE TO TIME LIMIT ***
slurmstepd: error: *** STEP 222334.0 ON icehost030 CANCELLED AT 2025-04-03T18:29:04 DUE TO TIME LIMIT ***
srun: error: icehost030: task 0: Terminated
srun: error: icehost030: task 0: Terminated
srun: error: icehost030: task 0: Terminated
srun: error: icehost030: task 0: Terminated
srun: error: icehost030: task 0: Terminated
srun: error: icehost030: task 0: Terminated
srun: error: icehost030: task 0: Terminated
srun: error: icehost030: task 0: Terminated
srun: error: icehost030: task 0: Terminated
srun: error: icehost030: task 0: Terminated
srun: error: icehost030: task 0: Terminated
srun: error: icehost030: task 0: Terminated
srun: error: icehost030: task 0: Terminated
srun: error: icehost030: task 0: Terminated
srun: error: icehost030: task 0: Terminated
srun: error: icehost030: task 0: Terminated
srun: error: icehost030: task 0: Terminated
srun: error: icehost030: task 0: Terminated
srun: error: icehost030: task 0: Terminated
srun: error: icehost030: task 0: Terminated
srun: error: icehost030: task 0: Terminated
srun: error: icehost030: task 0: Terminated
srun: error: icehost030: task 0: Terminated
srun: error: icehost030: task 0: Terminated
srun: error: icehost030: task 0: Terminated
srun: error: icehost030: task 0: Terminated
srun: error: icehost030: task 0: Terminated
srun: error: icehost030: task 0: Terminated
srun: error: icehost030: task 0: Terminated
srun: error: icehost030: task 0: Terminated
srun: error: icehost030: task 0: Terminated
srun: error: icehost030: task 0: Terminated
srun: error: icehost030: task 0: Terminated
srun: error: icehost030: task 0: Terminated
srun: error: icehost030: task 0: Terminated
srun: error: icehost030: task 0: Terminated
srun: error: icehost030: task 0: Terminated
srun: error: icehost030: task 0: Terminated
srun: error: icehost030: task 0: Terminated
srun: error: icehost030: task 0: Terminated
srun: error: icehost030: task 0: Terminated
srun: error: icehost030: task 0: Terminated
srun: error: icehost030: task 0: Terminated
srun: error: icehost030: task 0: Terminated
srun: error: icehost030: task 0: Terminated
srun: error: icehost030: task 0: Terminated
srun: error: icehost030: task 0: Terminated
srun: error: icehost030: task 0: Terminated
