
CondaError: Run 'conda init' before 'conda deactivate'

srun: Job step aborted: Waiting up to 32 seconds for job step to finish.
srun: Job step aborted: Waiting up to 32 seconds for job step to finish.
srun: Job step aborted: Waiting up to 32 seconds for job step to finish.
srun: Job step aborted: Waiting up to 32 seconds for job step to finish.
srun: Job step aborted: Waiting up to 32 seconds for job step to finish.
srun: Job step aborted: Waiting up to 32 seconds for job step to finish.
srun: Job step aborted: Waiting up to 32 seconds for job step to finish.
srun: Job step aborted: Waiting up to 32 seconds for job step to finish.
srun: Job step aborted: Waiting up to 32 seconds for job step to finish.
srun: Job step aborted: Waiting up to 32 seconds for job step to finish.
srun: Job step aborted: Waiting up to 32 seconds for job step to finish.
srun: Job step aborted: Waiting up to 32 seconds for job step to finish.
srun: Job step aborted: Waiting up to 32 seconds for job step to finish.
srun: Job step aborted: Waiting up to 32 seconds for job step to finish.
srun: Job step aborted: Waiting up to 32 seconds for job step to finish.
srun: Job step aborted: Waiting up to 32 seconds for job step to finish.
srun: Job step aborted: Waiting up to 32 seconds for job step to finish.
srun: Job step aborted: Waiting up to 32 seconds for job step to finish.
srun: Job step aborted: Waiting up to 32 seconds for job step to finish.
srun: Job step aborted: Waiting up to 32 seconds for job step to finish.
srun: Job step aborted: Waiting up to 32 seconds for job step to finish.
srun: Job step aborted: Waiting up to 32 seconds for job step to finish.
srun: Job step aborted: Waiting up to 32 seconds for job step to finish.
srun: Job step aborted: Waiting up to 32 seconds for job step to finish.
srun: Job step aborted: Waiting up to 32 seconds for job step to finish.
srun: Job step aborted: Waiting up to 32 seconds for job step to finish.
srun: Job step aborted: Waiting up to 32 seconds for job step to finish.
srun: Job step aborted: Waiting up to 32 seconds for job step to finish.
srun: Job step aborted: Waiting up to 32 seconds for job step to finish.
srun: Job step aborted: Waiting up to 32 seconds for job step to finish.
srun: Job step aborted: Waiting up to 32 seconds for job step to finish.
srun: Job step aborted: Waiting up to 32 seconds for job step to finish.
srun: Job step aborted: Waiting up to 32 seconds for job step to finish.
srun: Job step aborted: Waiting up to 32 seconds for job step to finish.
srun: Job step aborted: Waiting up to 32 seconds for job step to finish.
srun: Job step aborted: Waiting up to 32 seconds for job step to finish.
srun: Job step aborted: Waiting up to 32 seconds for job step to finish.
srun: Job step aborted: Waiting up to 32 seconds for job step to finish.
srun: Job step aborted: Waiting up to 32 seconds for job step to finish.
srun: Job step aborted: Waiting up to 32 seconds for job step to finish.
srun: Job step aborted: Waiting up to 32 seconds for job step to finish.
srun: Job step aborted: Waiting up to 32 seconds for job step to finish.
srun: Job step aborted: Waiting up to 32 seconds for job step to finish.
srun: Job step aborted: Waiting up to 32 seconds for job step to finish.
srun: Job step aborted: Waiting up to 32 seconds for job step to finish.
srun: Job step aborted: Waiting up to 32 seconds for job step to finish.
srun: Job step aborted: Waiting up to 32 seconds for job step to finish.
srun: Job step aborted: Waiting up to 32 seconds for job step to finish.
slurmstepd: error: *** STEP 222322.10 ON icehost030 CANCELLED AT 2025-04-03T14:40:13 ***
srun: error: icehost030: task 0: Terminated
slurmstepd: error: *** STEP 222322.12 ON icehost030 CANCELLED AT 2025-04-03T14:40:13 ***
slurmstepd: error: *** STEP 222322.23 ON icehost030 CANCELLED AT 2025-04-03T14:40:13 ***
slurmstepd: error: *** STEP 222322.18 ON icehost030 CANCELLED AT 2025-04-03T14:40:13 ***
slurmstepd: error: *** STEP 222322.20 ON icehost030 CANCELLED AT 2025-04-03T14:40:13 ***
slurmstepd: error: *** STEP 222322.27 ON icehost030 CANCELLED AT 2025-04-03T14:40:13 ***
slurmstepd: error: *** STEP 222322.25 ON icehost030 CANCELLED AT 2025-04-03T14:40:13 ***
slurmstepd: error: *** STEP 222322.30 ON icehost030 CANCELLED AT 2025-04-03T14:40:13 ***
slurmstepd: error: *** STEP 222322.32 ON icehost030 CANCELLED AT 2025-04-03T14:40:13 ***
slurmstepd: error: *** STEP 222322.35 ON icehost030 CANCELLED AT 2025-04-03T14:40:13 ***
slurmstepd: error: *** STEP 222322.34 ON icehost030 CANCELLED AT 2025-04-03T14:40:13 ***
slurmstepd: error: *** STEP 222322.15 ON icehost030 CANCELLED AT 2025-04-03T14:40:13 ***
slurmstepd: error: *** STEP 222322.22 ON icehost030 CANCELLED AT 2025-04-03T14:40:13 ***
slurmstepd: error: *** STEP 222322.28 ON icehost030 CANCELLED AT 2025-04-03T14:40:13 ***
slurmstepd: error: *** STEP 222322.40 ON icehost030 CANCELLED AT 2025-04-03T14:40:13 ***
slurmstepd: error: *** STEP 222322.44 ON icehost030 CANCELLED AT 2025-04-03T14:40:13 ***
slurmstepd: error: *** STEP 222322.47 ON icehost030 CANCELLED AT 2025-04-03T14:40:13 ***
slurmstepd: error: *** STEP 222322.43 ON icehost030 CANCELLED AT 2025-04-03T14:40:13 ***
slurmstepd: error: *** STEP 222322.46 ON icehost030 CANCELLED AT 2025-04-03T14:40:13 ***
slurmstepd: error: *** JOB 222322 ON icehost030 CANCELLED AT 2025-04-03T14:40:13 ***
slurmstepd: error: *** STEP 222322.0 ON icehost030 CANCELLED AT 2025-04-03T14:40:13 ***
slurmstepd: error: *** STEP 222322.1 ON icehost030 CANCELLED AT 2025-04-03T14:40:13 ***
slurmstepd: error: *** STEP 222322.4 ON icehost030 CANCELLED AT 2025-04-03T14:40:13 ***
slurmstepd: error: *** STEP 222322.2 ON icehost030 CANCELLED AT 2025-04-03T14:40:13 ***
slurmstepd: error: *** STEP 222322.3 ON icehost030 CANCELLED AT 2025-04-03T14:40:13 ***
slurmstepd: error: *** STEP 222322.5 ON icehost030 CANCELLED AT 2025-04-03T14:40:13 ***
slurmstepd: error: *** STEP 222322.6 ON icehost030 CANCELLED AT 2025-04-03T14:40:13 ***
slurmstepd: error: *** STEP 222322.8 ON icehost030 CANCELLED AT 2025-04-03T14:40:13 ***
slurmstepd: error: *** STEP 222322.9 ON icehost030 CANCELLED AT 2025-04-03T14:40:13 ***
slurmstepd: error: *** STEP 222322.11 ON icehost030 CANCELLED AT 2025-04-03T14:40:13 ***
slurmstepd: error: *** STEP 222322.7 ON icehost030 CANCELLED AT 2025-04-03T14:40:13 ***
slurmstepd: error: *** STEP 222322.13 ON icehost030 CANCELLED AT 2025-04-03T14:40:13 ***
slurmstepd: error: *** STEP 222322.14 ON icehost030 CANCELLED AT 2025-04-03T14:40:13 ***
slurmstepd: error: *** STEP 222322.21 ON icehost030 CANCELLED AT 2025-04-03T14:40:13 ***
slurmstepd: error: *** STEP 222322.24 ON icehost030 CANCELLED AT 2025-04-03T14:40:13 ***
slurmstepd: error: *** STEP 222322.17 ON icehost030 CANCELLED AT 2025-04-03T14:40:13 ***
slurmstepd: error: *** STEP 222322.19 ON icehost030 CANCELLED AT 2025-04-03T14:40:13 ***
slurmstepd: error: *** STEP 222322.31 ON icehost030 CANCELLED AT 2025-04-03T14:40:13 ***
slurmstepd: error: *** STEP 222322.16 ON icehost030 CANCELLED AT 2025-04-03T14:40:13 ***
slurmstepd: error: *** STEP 222322.29 ON icehost030 CANCELLED AT 2025-04-03T14:40:13 ***
slurmstepd: error: *** STEP 222322.33 ON icehost030 CANCELLED AT 2025-04-03T14:40:13 ***
slurmstepd: error: *** STEP 222322.37 ON icehost030 CANCELLED AT 2025-04-03T14:40:13 ***
slurmstepd: error: *** STEP 222322.36 ON icehost030 CANCELLED AT 2025-04-03T14:40:13 ***
slurmstepd: error: *** STEP 222322.38 ON icehost030 CANCELLED AT 2025-04-03T14:40:13 ***
slurmstepd: error: *** STEP 222322.26 ON icehost030 CANCELLED AT 2025-04-03T14:40:13 ***
slurmstepd: error: *** STEP 222322.45 ON icehost030 CANCELLED AT 2025-04-03T14:40:13 ***
slurmstepd: error: *** STEP 222322.41 ON icehost030 CANCELLED AT 2025-04-03T14:40:13 ***
slurmstepd: error: *** STEP 222322.39 ON icehost030 CANCELLED AT 2025-04-03T14:40:13 ***
slurmstepd: error: *** STEP 222322.42 ON icehost030 CANCELLED AT 2025-04-03T14:40:13 ***
srun: error: icehost030: task 0: Terminated
srun: error: icehost030: task 0: Terminated
srun: error: icehost030: task 0: Terminated
srun: error: icehost030: task 0: Terminated
srun: error: icehost030: task 0: Terminated
srun: error: icehost030: task 0: Terminated
srun: error: icehost030: task 0: Terminated
