
CondaError: Run 'conda init' before 'conda deactivate'

srun: Job step aborted: Waiting up to 32 seconds for job step to finish.
srun: Job step aborted: Waiting up to 32 seconds for job step to finish.
srun: Job step aborted: Waiting up to 32 seconds for job step to finish.
srun: Job step aborted: Waiting up to 32 seconds for job step to finish.
srun: Job step aborted: Waiting up to 32 seconds for job step to finish.
srun: Job step aborted: Waiting up to 32 seconds for job step to finish.
srun: Job step aborted: Waiting up to 32 seconds for job step to finish.
srun: Job step aborted: Waiting up to 32 seconds for job step to finish.
srun: Job step aborted: Waiting up to 32 seconds for job step to finish.
srun: Job step aborted: Waiting up to 32 seconds for job step to finish.
srun: Job step aborted: Waiting up to 32 seconds for job step to finish.
srun: Job step aborted: Waiting up to 32 seconds for job step to finish.
srun: Job step aborted: Waiting up to 32 seconds for job step to finish.
srun: Job step aborted: Waiting up to 32 seconds for job step to finish.
srun: Job step aborted: Waiting up to 32 seconds for job step to finish.
srun: Job step aborted: Waiting up to 32 seconds for job step to finish.
srun: Job step aborted: Waiting up to 32 seconds for job step to finish.
srun: Job step aborted: Waiting up to 32 seconds for job step to finish.
srun: Job step aborted: Waiting up to 32 seconds for job step to finish.
srun: Job step aborted: Waiting up to 32 seconds for job step to finish.
srun: Job step aborted: Waiting up to 32 seconds for job step to finish.
srun: Job step aborted: Waiting up to 32 seconds for job step to finish.
srun: Job step aborted: Waiting up to 32 seconds for job step to finish.
srun: Job step aborted: Waiting up to 32 seconds for job step to finish.
srun: Job step aborted: Waiting up to 32 seconds for job step to finish.
srun: Job step aborted: Waiting up to 32 seconds for job step to finish.
srun: Job step aborted: Waiting up to 32 seconds for job step to finish.
srun: Job step aborted: Waiting up to 32 seconds for job step to finish.
srun: Job step aborted: Waiting up to 32 seconds for job step to finish.
srun: Job step aborted: Waiting up to 32 seconds for job step to finish.
srun: Job step aborted: Waiting up to 32 seconds for job step to finish.
srun: Job step aborted: Waiting up to 32 seconds for job step to finish.
srun: Job step aborted: Waiting up to 32 seconds for job step to finish.
srun: Job step aborted: Waiting up to 32 seconds for job step to finish.
srun: Job step aborted: Waiting up to 32 seconds for job step to finish.
srun: Job step aborted: Waiting up to 32 seconds for job step to finish.
srun: Job step aborted: Waiting up to 32 seconds for job step to finish.
srun: Job step aborted: Waiting up to 32 seconds for job step to finish.
srun: Job step aborted: Waiting up to 32 seconds for job step to finish.
srun: Job step aborted: Waiting up to 32 seconds for job step to finish.
srun: Job step aborted: Waiting up to 32 seconds for job step to finish.
srun: Job step aborted: Waiting up to 32 seconds for job step to finish.
srun: Job step aborted: Waiting up to 32 seconds for job step to finish.
srun: Job step aborted: Waiting up to 32 seconds for job step to finish.
srun: Job step aborted: Waiting up to 32 seconds for job step to finish.
srun: Job step aborted: Waiting up to 32 seconds for job step to finish.
srun: Job step aborted: Waiting up to 32 seconds for job step to finish.
srun: Job step aborted: Waiting up to 32 seconds for job step to finish.
slurmstepd: error: *** STEP 222340.11 ON icehost012 CANCELLED AT 2025-04-03T16:14:48 ***
slurmstepd: error: *** STEP 222340.19 ON icehost012 CANCELLED AT 2025-04-03T16:14:48 ***
slurmstepd: error: *** STEP 222340.31 ON icehost012 CANCELLED AT 2025-04-03T16:14:48 ***
srun: error: icehost012: task 0: Terminated
slurmstepd: error: *** STEP 222340.38 ON icehost012 CANCELLED AT 2025-04-03T16:14:48 ***
slurmstepd: error: *** JOB 222340 ON icehost012 CANCELLED AT 2025-04-03T16:14:48 ***
slurmstepd: error: *** STEP 222340.3 ON icehost012 CANCELLED AT 2025-04-03T16:14:48 ***
slurmstepd: error: *** STEP 222340.0 ON icehost012 CANCELLED AT 2025-04-03T16:14:48 ***
srun: error: icehost012: task 0: Terminated
srun: error: icehost012: task 0: Terminated
slurmstepd: error: *** STEP 222340.37 ON icehost012 CANCELLED AT 2025-04-03T16:14:48 ***
slurmstepd: error: *** STEP 222340.1 ON icehost012 CANCELLED AT 2025-04-03T16:14:48 ***
srun: error: icehost012: task 0: Terminated
slurmstepd: error: *** STEP 222340.4 ON icehost012 CANCELLED AT 2025-04-03T16:14:48 ***
srun: error: icehost012: task 0: Terminated
slurmstepd: error: *** STEP 222340.39 ON icehost012 CANCELLED AT 2025-04-03T16:14:48 ***
slurmstepd: error: *** STEP 222340.33 ON icehost012 CANCELLED AT 2025-04-03T16:14:48 ***
